Microsoft Windows [Version 10.0.19042.804]
(c) 2020 Microsoft Corporation. All rights reserved.

D:\website\pythonlearn\practices\trydjango\djangodemo1>manage.py runserver
Watching for file changes with StatReloader
Performing system checks...

System check identified no issues (0 silenced).

You have 18 unapplied migration(s). Your project may not work properly until you apply the migrations for app(s): admin, auth, conteerly until you apply thnttypes, sessions.
Run 'python manage.py migrate' to apply them.
March 28, 2021 - 21:53:40
Django version 3.1.7, using settings 'djangodemo1.settings'       
Starting development server at http://127.0.0.1:8000/
Quit the server with CTRL-BREAK.
[28/Mar/2021 21:53:50] "GET / HTTP/1.1" 200 40

Microsoft Windows [Version 10.0.19042.804]
(c) 2020 Microsoft Corporation. All rights reserved.

D:\website\pythonlearn\practices\trydjango\djangodemo1>manage.py migrate
Operations to perform:
  Apply all migrations: admin, auth, contenttypes, sessions
Running migrations:
  Applying contenttypes.0001_initial... OK
  Applying auth.0001_initial... OK
  Applying admin.0001_initial... OK
  Applying admin.0002_logentry_remove_auto_add... OK
  Applying admin.0003_logentry_add_action_flag_choices... OK
  Applying contenttypes.0002_remove_content_type_name... OK
  Applying auth.0002_alter_permission_name_max_length... OK
  Applying auth.0003_alter_user_email_max_length... OK
  Applying auth.0004_alter_user_username_opts... OK
  Applying auth.0005_alter_user_last_login_null... OK
  Applying auth.0006_require_contenttypes_0002... OK
  Applying auth.0007_alter_validators_add_error_messages... OK
  Applying auth.0008_alter_user_username_max_length... OK
  Applying auth.0009_alter_user_last_name_max_length... OK
  Applying auth.0010_alter_group_name_max_length... OK
  Applying auth.0011_update_proxy_permissions... OK
  Applying auth.0012_alter_user_first_name_max_length... OK
  Applying sessions.0001_initial... OK

D:\website\pythonlearn\practices\trydjango\djangodemo1>

D:\website\pythonlearn\practices\trydjango\djangodemo1>python manage.py makemigrations webapp1
Migrations for 'webapp1':
  webapp1\migrations\0001_initial.py
    - Create model password
    - Create model username

:\website\pythonlearn\practices\trydjango\djangodemo1>python manage.py sqlmigrate webapp1 0001 
BEGIN;
--
-- Create model password
--
CREATE TABLE "webapp1_password" ("id" integer NOT NULL PRIMARY KEY AUTOINCREMENT, "pwd" varchar(200) NOT NULL, "cpwd" varchar(200) NOT NULL);
--
-- Create model username
--
CREATE TABLE "webapp1_username" ("id" integer NOT NULL PRIMARY KEY AUTOINCREMENT, "firstname" varchar(200) NOT NULL, "lastname" varchar(200) NOT NULL);
COMMIT;

D:\website\pythonlearn\practices\trydjango\djangodemo1>

D:\website\pythonlearn\practices\trydjango\djangodemo1>python manage.py migrate
Operations to perform:
  Apply all migrations: admin, auth, contenttypes, sessions, webapp1
Running migrations:
  Applying webapp1.0001_initial... OK



D:\website\pythonlearn\practices\trydjango\djangodemo1>python manage.py shell
Python 3.9.1 (tags/v3.9.1:1e5d33e, Dec  7 2020, 17:08:21) [MSC v.1927 64 bit (AMD64)] on win32
Type "help", "copyright", "credits" or "license" for more information.
(InteractiveConsole)
>>> from webapp1.models import username,password             
>>> username.objects.all
<bound method BaseManager.all of <django.db.models.manager.Manager object at 0x000001CD6CFB8CA0>>
>>> username.objects.all()
<QuerySet []>

>>> #creating values for username class 
>>> a=username(firstname="gokul",lastname="L")
>>> a.save()
>>> a.firstname
'gokul'

>>> username.objects.all()
<QuerySet [<username: username object (1)>]>

>>> #filtering the username by id
>>> username.objects.filter(id=2) 
<QuerySet [<username: tharun>]>

#to create admin account
D:\website\pythonlearn\practices\trydjango\djangodemo1>python manage.py createsuperuser
Username (leave blank to use 'gokul'):
Email address: gokulpollachi25@gmail.com
Password:
Password (again):
The password is too similar to the email address.
Bypass password validation and create user anyway? [y/N]: y
Superuser created successfully.